19:52:13 **** Incremental Build of configuration Debug for project LAB5 ****
make -j8 all 
arm-none-eabi-gcc "../Core/Src/command_parser.c" -mcpu=cortex-m3 -std=gnu11 -g3 -DDEBUG -DUSE_HAL_DRIVER -DSTM32F103x6 -c -I../Core/Inc -I../Drivers/STM32F1xx_HAL_Driver/Inc -I../Drivers/STM32F1xx_HAL_Driver/Inc/Legacy -I../Drivers/CMSIS/Device/ST/STM32F1xx/Include -I../Drivers/CMSIS/Include -O0 -ffunction-sections -fdata-sections -Wall -fstack-usage -MMD -MP -MF"Core/Src/command_parser.d" -MT"Core/Src/command_parser.o" --specs=nano.specs -mfloat-abi=soft -mthumb -o "Core/Src/command_parser.o"
arm-none-eabi-gcc "../Core/Src/uart.c" -mcpu=cortex-m3 -std=gnu11 -g3 -DDEBUG -DUSE_HAL_DRIVER -DSTM32F103x6 -c -I../Core/Inc -I../Drivers/STM32F1xx_HAL_Driver/Inc -I../Drivers/STM32F1xx_HAL_Driver/Inc/Legacy -I../Drivers/CMSIS/Device/ST/STM32F1xx/Include -I../Drivers/CMSIS/Include -O0 -ffunction-sections -fdata-sections -Wall -fstack-usage -MMD -MP -MF"Core/Src/uart.d" -MT"Core/Src/uart.o" --specs=nano.specs -mfloat-abi=soft -mthumb -o "Core/Src/uart.o"
arm-none-eabi-gcc -o "LAB5.elf" @"objects.list"   -mcpu=cortex-m3 -T"D:\BACH KHOA\Semester 5\Vi Xu Ly\LAB5-2114026\STM32Code\LAB5\STM32F103C6TX_FLASH.ld" --specs=nosys.specs -Wl,-Map="LAB5.map" -Wl,--gc-sections -static --specs=nano.specs -mfloat-abi=soft -mthumb -Wl,--start-group -lc -lm -Wl,--end-group
Finished building target: LAB5.elf
 
arm-none-eabi-size   LAB5.elf 
arm-none-eabi-objdump -h -S  LAB5.elf  > "LAB5.list"
arm-none-eabi-objcopy  -O ihex  LAB5.elf  "LAB5.hex"
   text	   data	    bss	    dec	    hex	filename
  16532	    128	   1896	  18556	   487c	LAB5.elf
arm-none-eabi-objcopy  -O binary  LAB5.elf  "LAB5.bin"
Finished building: default.size.stdout
 
Finished building: LAB5.hex
Finished building: LAB5.bin
 
 
Finished building: LAB5.list
 

19:52:14 Build Finished. 0 errors, 0 warnings. (took 663ms)

